-- Test Setup: OneMeasurementWithTags
-- SQL: SELECT count(time), count(*), count(bar), min(bar), max(bar), min(time), max(time) FROM cpu;
-- Results After Sorting
+-----------------+----------+----------------+--------------+--------------+--------------------------------+--------------------------------+
| COUNT(cpu.time) | COUNT(*) | COUNT(cpu.bar) | MIN(cpu.bar) | MAX(cpu.bar) | MIN(cpu.time)                  | MAX(cpu.time)                  |
+-----------------+----------+----------------+--------------+--------------+--------------------------------+--------------------------------+
| 4               | 4        | 4              | 1.0          | 2.0          | 1970-01-01T00:00:00.000000010Z | 1970-01-01T00:00:00.000000040Z |
+-----------------+----------+----------------+--------------+--------------+--------------------------------+--------------------------------+
-- SQL: SELECT max(foo) FROM cpu;
-- Results After Sorting
+--------------+
| MAX(cpu.foo) |
+--------------+
| you          |
+--------------+
-- SQL: SELECT min(foo) FROM cpu;
-- Results After Sorting
+--------------+
| MIN(cpu.foo) |
+--------------+
| me           |
+--------------+