-- Test Setup: TwoMeasurements
-- SQL: SELECT * from cpu;
+--------+--------------------------------+------+
| region | time                           | user |
+--------+--------------------------------+------+
| west   | 1970-01-01T00:00:00.000000100Z | 23.2 |
| west   | 1970-01-01T00:00:00.000000150Z | 21.0 |
+--------+--------------------------------+------+
-- SQL: SELECT min(region) from cpu;
+-----------------+
| MIN(cpu.region) |
+-----------------+
| west            |
+-----------------+
-- SQL: SELECT "user", region from cpu;
+------+--------+
| user | region |
+------+--------+
| 23.2 | west   |
| 21.0 | west   |
+------+--------+
-- SQL: SELECT * from cpu where time > to_timestamp('1970-01-01T00:00:00.000000120+00:00');
+--------+--------------------------------+------+
| region | time                           | user |
+--------+--------------------------------+------+
| west   | 1970-01-01T00:00:00.000000150Z | 21.0 |
+--------+--------------------------------+------+
-- SQL: SELECT * from cpu where time > '1970-01-01T00:00:00'::timestamp ORDER BY time;
+--------+--------------------------------+------+
| region | time                           | user |
+--------+--------------------------------+------+
| west   | 1970-01-01T00:00:00.000000100Z | 23.2 |
| west   | 1970-01-01T00:00:00.000000150Z | 21.0 |
+--------+--------------------------------+------+
-- SQL: SELECT * from cpu where time > '1970-01-01T00:00:00' ORDER BY time;
+--------+--------------------------------+------+
| region | time                           | user |
+--------+--------------------------------+------+
| west   | 1970-01-01T00:00:00.000000100Z | 23.2 |
| west   | 1970-01-01T00:00:00.000000150Z | 21.0 |
+--------+--------------------------------+------+
-- SQL: SELECT "user", region from cpu where time > to_timestamp('1970-01-01T00:00:00.000000120+00:00');
+------+--------+
| user | region |
+------+--------+
| 21.0 | west   |
+------+--------+
-- SQL: SELECT upper("region"), substring(region, 1, 2) from cpu where time > to_timestamp('1970-01-01T00:00:00.000000120+00:00');
+-------------------+--------------------------------------+
| upper(cpu.region) | substr(cpu.region,Int64(1),Int64(2)) |
+-------------------+--------------------------------------+
| WEST              | we                                   |
+-------------------+--------------------------------------+
-- SQL: SELECT count(*) from cpu group by region;
+----------+
| COUNT(*) |
+----------+
| 2        |
+----------+
-- SQL: SELECT * from disk;
+-------+--------+--------------------------------+
| bytes | region | time                           |
+-------+--------+--------------------------------+
| 99    | east   | 1970-01-01T00:00:00.000000200Z |
+-------+--------+--------------------------------+
-- SQL: select MEDIAN("user"), region from cpu group by region;
+------------------+--------+
| MEDIAN(cpu.user) | region |
+------------------+--------+
| 22.1             | west   |
+------------------+--------+